================================================================================
KME PROJECT TEST REPORT
================================================================================
Test Run Time: 2025-07-29 10:38:21
Duration: 5.29 seconds

PHASE 1 TESTS:
----------------------------------------
✅ PASSED
Tests Run: 4

PHASE 2 TESTS:
----------------------------------------
⚠️  EXPECTED FAILURES
Note: 404 errors expected - API endpoints not yet implemented
Tests Run: 1
Note: 404 errors expected - API endpoints not yet implemented

LINTER CHECKS:
----------------------------------------
⏭️  SKIPPED

SECURITY CHECKS:
----------------------------------------
⏭️  SKIPPED

SUMMARY:
----------------------------------------
Total Checks: 4
Passed: 2
Failed: 2
Success Rate: 50.0%

================================================================================
